Starting PA1 poller workers=2 hot_interval=45s hot_size=100
[23:57:26]  PA1 workers=2 proxies=0 hot_interval=45s hot_size=100   runner.py:92
[23:57:26]  started                                              scheduler.py:75
            ready proxy=direct                                      runner.py:33
            ready proxy=direct                                      runner.py:33
            queued=1 sizes={'hot': 1, 'warm': 0, 'cold': 0}      scheduler.py:86
[23:57:27]  post=1 tier=hot ok=False new=0 fetched=0 ms=661 retry=1 runner.py:61
           err=nav                                                              
[23:57:30]  shutdown signal                                        runner.py:137
[23:57:30]  stopped                                              scheduler.py:93
{
    'jobs': 1,
    'ok': 0,
    'fail': 1,
    'success_rate': 0.0,
    'window_success_rate': 0.0,
    'fetched': 0,
    'inserted': 0,
    'p50_ms': 661,
    'p95_ms': 661,
    'errors': {'nav': 1},
    'ready_for_30s': False
}
